{"arm":"exact","fetchedTitles":false,"outcome":"baseline-resolved","searched":["Shamo"],"malId":727,"spellings":["Shamo"],"mangaDexId":"a81e63a3-83f1-4da5-95a4-ba431e830ce9"}
{"mangaDexId":"bb8310e4-6050-4a43-984e-f7bbdfce23b1","searched":["Kokou no Hito"],"malId":7375,"arm":"exact","fetchedTitles":false,"outcome":"baseline-resolved","spellings":["Kokou no Hito"]}
{"arm":"exact","fetchedTitles":false,"outcome":"baseline-resolved","malId":2,"mangaDexId":"801513ba-a712-498c-8f57-cae55b38cc92","searched":["Berserk"],"spellings":["Berserk"]}
{"arm":"exact","searched":["Holyland"],"mangaDexId":"9fce5b8e-facf-4ef2-a703-553ec2931065","outcome":"baseline-resolved","spellings":["Holyland"],"malId":3285,"fetchedTitles":false}
{"malId":3868,"outcome":"baseline-resolved","mangaDexId":"c8b3d40c-86b8-41cd-a793-c280d5b9da10","searched":["Shigurui"],"arm":"exact","fetchedTitles":false,"spellings":["Shigurui"]}
{"malId":22,"outcome":"baseline-resolved","mangaDexId":"754a46fa-62fa-457a-bc3b-4f31bf1373d4","searched":["Rurouni Kenshin: Meiji Kenkaku Romantan"],"arm":"fuzzy","fetchedTitles":false,"spellings":["Rurouni Kenshin: Meiji Kenkaku Romantan"]}
{"spellings":["Mugen no Juunin","Blade of the Immortal","無限の住人","Inhabitant of Infinity"],"malId":658,"recoveredAtQuery":2,"mangaDexId":"4481002b-f65c-426a-8cb4-3a1bba1040c5","outcome":"recovered","searched":["Mugen no Juunin","Blade of the Immortal"],"arm":"exact","fetchedTitles":true}
{"malId":1133,"outcome":"baseline-resolved","searched":["Dorohedoro"],"fetchedTitles":false,"spellings":["Dorohedoro"],"arm":"exact","mangaDexId":"34f45c13-2b78-4900-8af2-d0bb551101f4"}
{"outcome":"baseline-resolved","malId":85781,"fetchedTitles":false,"spellings":["Dungeon Meshi"],"arm":"exact","mangaDexId":"d90ea6cb-7bc3-4d80-8af0-28557e6c4e17","searched":["Dungeon Meshi"]}
{"malId":1706,"searched":["JoJo no Kimyou na Bouken Part 7: Steel Ball Run"],"fetchedTitles":false,"mangaDexId":"b30dfee3-9d1d-4e8d-bfbe-8fcabc3c96f6","outcome":"baseline-resolved","arm":"exact","spellings":["JoJo no Kimyou na Bouken Part 7: Steel Ball Run"]}
{"malId":11514,"searched":["Otoyomegatari"],"fetchedTitles":false,"mangaDexId":"cedc7401-8c70-4057-b14a-4ecbbcd73945","outcome":"baseline-resolved","arm":"exact","spellings":["Otoyomegatari"]}
{"spellings":["Yuureitou"],"fetchedTitles":false,"malId":41709,"arm":"exact","outcome":"baseline-resolved","searched":["Yuureitou"],"mangaDexId":"1cf4159b-94e9-4a24-b419-bab9661e6798"}
{"arm":"exact","mangaDexId":"26c2e38a-8660-41a9-ab4f-a3ebdc7fdc1c","spellings":["Red","RED","Red: Living on the Edge"],"malId":12713,"fetchedTitles":true,"searched":["Red","RED","Red: Living on the Edge"],"outcome":"recovered","recoveredAtQuery":3}
{"arm":"exact","spellings":["Pretty Face"],"malId":48,"mangaDexId":"87ede7de-3555-4563-9fa5-05ff2c6b8a5e","searched":["Pretty Face"],"outcome":"baseline-resolved","fetchedTitles":false}
{"fetchedTitles":false,"spellings":["Kusuriya no Hitorigoto"],"arm":"exact","searched":["Kusuriya no Hitorigoto"],"mangaDexId":"e18fe8c6-f6dc-4f05-8462-7b2083ff9a6c","malId":107562,"outcome":"baseline-resolved"}
{"malId":4480,"arm":"exact","spellings":["Ichinensei ni Nacchattara"],"mangaDexId":"948b299f-9e1d-419d-89ad-57e539c639c3","fetchedTitles":false,"searched":["Ichinensei ni Nacchattara"],"outcome":"baseline-resolved"}
{"fetchedTitles":false,"outcome":"baseline-resolved","searched":["Majin Tantei Nougami Neuro"],"spellings":["Majin Tantei Nougami Neuro"],"malId":674,"arm":"exact","mangaDexId":"0d154989-8804-414a-baaa-3d127bf3f7f2"}
{"mangaDexId":"e18fe8c6-f6dc-4f05-8462-7b2083ff9a6c","malId":86769,"arm":"fuzzy","fetchedTitles":false,"searched":["Kusuriya no Hitorigoto"],"spellings":["Kusuriya no Hitorigoto"],"outcome":"baseline-resolved"}
{"malId":3153,"spellings":["Q.E.D.: Shoumei Shuuryou","Q.E.D. ―証明終了―","Quod Erat Demonstrandum","Wonder Little Detective","QED: Shomei Shuryo"],"arm":"exact","fetchedTitles":true,"searched":["Q.E.D.: Shoumei Shuuryou","Q.E.D. ―証明終了―"],"mangaDexId":"c8360b2a-68f7-4728-9c8a-bd563d3e9da3","outcome":"recovered","recoveredAtQuery":2}
{"malId":534,"arm":"exact","spellings":["Spiral: Suiri no Kizuna"],"mangaDexId":"90dfbd89-7b4b-434e-89f5-7a63a3ea5e25","fetchedTitles":false,"searched":["Spiral: Suiri no Kizuna"],"outcome":"baseline-resolved"}
{"outcome":"recovered","spellings":["Kindaichi Shounen no Jikenbo: File Series","The Kindaichi Case Files","金田一少年の事件簿","Kindaichi Shonen no Jikenbo"],"arm":"exact","recoveredAtQuery":2,"mangaDexId":"ced910fb-8542-48bd-b87a-5ff662185295","fetchedTitles":true,"malId":393,"searched":["Kindaichi Shounen no Jikenbo: File Series","The Kindaichi Case Files"]}
{"fetchedTitles":false,"arm":"exact","searched":["Vampire Juujikai"],"mangaDexId":"036766ea-5d89-4f3d-8cc4-6d7bcb128b2b","malId":976,"spellings":["Vampire Juujikai"],"outcome":"baseline-resolved"}
{"arm":"exact","fetchedTitles":false,"malId":635,"mangaDexId":"80110b95-3463-43c8-b567-960680f1ae5c","outcome":"baseline-resolved","spellings":["God Child"],"searched":["God Child"]}
{"fetchedTitles":false,"arm":"exact","searched":["Akuma na Eros"],"mangaDexId":"31d53cf7-7dfc-4c61-8aeb-ec55cc5b2766","malId":677,"spellings":["Akuma na Eros"],"outcome":"baseline-resolved"}
{"outcome":"baseline-resolved","spellings":["Death Note"],"malId":21,"searched":["Death Note"],"mangaDexId":"75ee72ab-c6bf-4b87-badd-de839156934c","arm":"exact","fetchedTitles":false}
{"spellings":["Seimaden"],"searched":["Seimaden"],"mangaDexId":"0b9b3736-4079-4854-a73f-981e8848dc37","fetchedTitles":false,"outcome":"baseline-resolved","arm":"exact","malId":1413}
{"malId":83,"mangaDexId":"f86e1c71-f46f-45d5-9daf-f3305063fd08","arm":"exact","spellings":["Ayashi no Ceres"],"outcome":"baseline-resolved","searched":["Ayashi no Ceres"],"fetchedTitles":false}
{"malId":99944,"searched":["Persona 5"],"mangaDexId":"9d2ffef6-127c-4de2-aed0-88041c63009b","fetchedTitles":false,"outcome":"baseline-resolved","arm":"exact","spellings":["Persona 5"]}
{"recoveredAtQuery":2,"malId":27,"mangaDexId":"19121da9-452e-4f98-8eb4-4ef63cf7186f","fetchedTitles":true,"spellings":["X","X\/1999"],"outcome":"recovered","arm":"exact","searched":["X","X\/1999"]}
{"spellings":["Nodame Cantabile"],"searched":["Nodame Cantabile"],"mangaDexId":"915615a9-8cf9-4da6-962a-139c91b2e812","fetchedTitles":false,"outcome":"baseline-resolved","malId":419,"arm":"exact"}
{"malId":610,"mangaDexId":"9356fa3f-9ecd-4ff7-a7fe-241884680079","arm":"exact","spellings":["Skip Beat!"],"outcome":"baseline-resolved","searched":["Skip Beat!"],"fetchedTitles":false}
{"searched":["Hotaru no Hikari"],"fetchedTitles":false,"malId":4270,"mangaDexId":"c4f6026a-6556-4e7c-8e53-ac3b40562859","outcome":"baseline-resolved","arm":"exact","spellings":["Hotaru no Hikari"]}
{"searched":["Beast Master"],"spellings":["Beast Master"],"outcome":"baseline-resolved","malId":3633,"mangaDexId":"43013b63-12f1-4a21-bdae-12b9f955addb","fetchedTitles":false,"arm":"exact"}
{"outcome":"recovered","spellings":["Futago","FUTAGO―ふたご―","Papa Mama Futago","Eri-chan no Kare"],"recoveredAtQuery":2,"malId":16732,"arm":"exact","fetchedTitles":true,"mangaDexId":"4a0c5813-2723-4483-8f33-17334f3ba253","searched":["Futago","FUTAGO―ふたご―"]}
{"outcome":"baseline-resolved","spellings":["Suppli"],"malId":539,"mangaDexId":"b31eab48-cb2a-44ad-83d8-e403e8c504ca","searched":["Suppli"],"fetchedTitles":false,"arm":"exact"}
{"outcome":"baseline-resolved","spellings":["Kurohyou to 16-sai"],"malId":98615,"searched":["Kurohyou to 16-sai"],"fetchedTitles":false,"arm":"exact","mangaDexId":"a074ecbc-69ee-4c91-83d1-04441cf98019"}
{"searched":["The One","獨領風騷"],"spellings":["The One","獨領風騷"],"outcome":"recovered","recoveredAtQuery":2,"malId":3715,"mangaDexId":"b1904642-49b6-4697-85e6-f448a779ccc6","fetchedTitles":true,"arm":"exact"}
{"arm":"exact","searched":["Tengoku Daimakyou"],"outcome":"baseline-resolved","malId":111745,"mangaDexId":"eeb2ab0e-7dbc-4f0c-b476-8181d44217a8","spellings":["Tengoku Daimakyou"],"fetchedTitles":false}
{"arm":"exact","searched":["20th Century Boys"],"outcome":"baseline-resolved","malId":3,"mangaDexId":"ad06790a-01e3-400c-a449-0ec152d6756a","spellings":["20th Century Boys"],"fetchedTitles":false}
{"searched":["Akira"],"spellings":["Akira"],"outcome":"baseline-resolved","arm":"exact","mangaDexId":"175cf215-2122-4656-9fac-37ac092438af","malId":664,"fetchedTitles":false}
{"mangaDexId":"0c9e19cd-86cb-490c-93e9-955af41746ca","spellings":["Kaze no Tani no Nausicaä"],"searched":["Kaze no Tani no Nausicaä"],"arm":"exact","fetchedTitles":false,"outcome":"baseline-resolved","malId":651}
{"recoveredAtQuery":2,"mangaDexId":"dc33209f-d9d4-40df-a468-cca047b63979","searched":["Shinseiki Evangelion","Neon Genesis Evangelion"],"arm":"exact","malId":698,"fetchedTitles":true,"spellings":["Shinseiki Evangelion","Neon Genesis Evangelion","新世紀エヴァンゲリオン"],"outcome":"recovered"}
{"arm":"exact","malId":15038,"spellings":["Houkago no Charisma"],"fetchedTitles":false,"searched":["Houkago no Charisma"],"mangaDexId":"8885a445-c33a-48f5-85bd-2d2e20139bfe","outcome":"baseline-resolved"}
{"malId":747,"searched":["Blood+","Blood Plus"],"outcome":"recovered","recoveredAtQuery":2,"mangaDexId":"a9df432c-cc0c-447d-8c02-120dc138baac","spellings":["Blood+","Blood Plus"],"fetchedTitles":true,"arm":"exact"}
{"outcome":"baseline-resolved","malId":5901,"spellings":["Pheromomania Syndrome"],"fetchedTitles":false,"arm":"exact","searched":["Pheromomania Syndrome"],"mangaDexId":"433c4598-f0c7-413f-a670-346754dce337"}
{"spellings":["Never Give Up!"],"malId":103,"outcome":"baseline-resolved","mangaDexId":"4a17a934-bc7f-4e10-a4c4-0ba1c24268b4","searched":["Never Give Up!"],"arm":"exact","fetchedTitles":false}
{"arm":"exact","fetchedTitles":false,"spellings":["Danshi Kinshi!!"],"outcome":"baseline-resolved","malId":7939,"mangaDexId":"285f612f-d71a-4e7d-8ed6-4bc3ed3b4a91","searched":["Danshi Kinshi!!"]}
{"arm":"exact","fetchedTitles":false,"spellings":["Vanilla Ice"],"outcome":"baseline-resolved","mangaDexId":"ed6a15a6-e61d-4088-aa7d-b758e13ffffc","malId":2699,"searched":["Vanilla Ice"]}
{"spellings":["Kaikan♥Phrase","Sensual Phrase","快感♥フレーズ","Ecstasy Phrase"],"mangaDexId":"6570bdbd-bf8d-4f28-9b73-8d411be86056","malId":678,"arm":"exact","recoveredAtQuery":2,"outcome":"recovered","searched":["Kaikan♥Phrase","Sensual Phrase"],"fetchedTitles":true}
{"malId":5734,"spellings":["Cosplay★Animal","Cosplay Animal","コスプレ★アニマル","Sundome!","Karada no Iinari♥","Tenshi no Yubisaki Akuma no Kuchibiru"],"outcome":"recovered","recoveredAtQuery":2,"arm":"exact","searched":["Cosplay★Animal","Cosplay Animal"],"mangaDexId":"8aa07212-cf38-40c6-941c-8987132a752c","fetchedTitles":true}
{"outcome":"baseline-resolved","mangaDexId":"ce4f4da2-848b-46ee-a356-53ec9291bfc8","malId":5469,"searched":["Nicoichi"],"spellings":["Nicoichi"],"fetchedTitles":false,"arm":"exact"}
{"arm":"exact","searched":["Kimi wa Pet"],"spellings":["Kimi wa Pet"],"mangaDexId":"61ecde74-1c07-42bf-83d7-65c3f2ddb6ea","malId":392,"outcome":"baseline-resolved","fetchedTitles":false}
{"fetchedTitles":false,"outcome":"baseline-resolved","malId":1814,"spellings":["Switch Girl!!"],"arm":"exact","searched":["Switch Girl!!"],"mangaDexId":"76122394-fcc4-4f00-8901-51b5619792e8"}
{"searched":["Dame na Watashi ni Koishite Kudasai"],"arm":"exact","fetchedTitles":false,"malId":55403,"mangaDexId":"678a2617-2c42-4f44-94c4-c1e9f755af77","outcome":"baseline-resolved","spellings":["Dame na Watashi ni Koishite Kudasai"]}
{"searched":["Itadakimasu"],"malId":2558,"mangaDexId":"55ac96bf-9de3-40b5-ba78-f0524a5a2560","arm":"exact","spellings":["Itadakimasu"],"fetchedTitles":false,"outcome":"baseline-resolved"}
{"searched":["Hapi Mari: Happy Marriage!?"],"outcome":"baseline-resolved","fetchedTitles":false,"arm":"exact","spellings":["Hapi Mari: Happy Marriage!?"],"mangaDexId":"38f9e89c-d35b-4344-8d3d-2e276b3f6261","malId":12888}
{"searched":["Taiyou Ouji"],"outcome":"baseline-resolved","fetchedTitles":false,"arm":"exact","spellings":["Taiyou Ouji"],"mangaDexId":"7d4d2107-cb07-4ccc-85dd-86e36df5c716","malId":3686}
{"searched":["Otoko no Isshou","娚の一生"],"malId":21659,"mangaDexId":"796dd1da-5d87-468e-90d2-1b6753ab543c","arm":"exact","recoveredAtQuery":2,"spellings":["Otoko no Isshou","娚の一生","Otoko no Isshou - Kekkon","Otoko no Isshou - Spin-off"],"fetchedTitles":true,"outcome":"recovered"}
{"outcome":"baseline-resolved","fetchedTitles":false,"malId":31531,"arm":"exact","mangaDexId":"15128f8a-4517-41e1-95b0-f1aa96505817","spellings":["Naisho no Jikan"],"searched":["Naisho no Jikan"]}
{"mangaDexId":"b5fab65a-641d-4637-aa4a-d6353f99d836","spellings":["Kareshi Kanojo no Jijou"],"outcome":"baseline-resolved","malId":17,"searched":["Kareshi Kanojo no Jijou"],"arm":"exact","fetchedTitles":false}
{"arm":"exact","spellings":["Bijin Kakumei"],"mangaDexId":"40eec03a-078e-42ee-9af9-768b1d0d6aac","outcome":"baseline-resolved","fetchedTitles":false,"searched":["Bijin Kakumei"],"malId":25028}
{"mangaDexId":"49e4767d-b307-4a27-a140-dc905016f433","spellings":["Romantic Beauty"],"outcome":"baseline-resolved","searched":["Romantic Beauty"],"malId":2108,"arm":"exact","fetchedTitles":false}
{"malId":19663,"searched":["My Lovable Fatty"],"outcome":"baseline-resolved","mangaDexId":"d4dbeef2-f133-4a5e-902c-77508131d6b1","fetchedTitles":false,"spellings":["My Lovable Fatty"],"arm":"exact"}
{"recoveredAtQuery":2,"mangaDexId":"27174389-bc10-43e7-b111-345f1ecb9d24","malId":714,"fetchedTitles":true,"spellings":["Ahiru no Ouji-sama","Duck Prince","あひるの王子さま"],"arm":"exact","outcome":"recovered","searched":["Ahiru no Ouji-sama","Duck Prince"]}
{"outcome":"baseline-resolved","spellings":["Kaine"],"arm":"exact","malId":1225,"searched":["Kaine"],"mangaDexId":"b49cb67e-0071-4f90-b29c-2ce566672c31","fetchedTitles":false}
{"searched":["Youth Gone Wild"],"arm":"exact","outcome":"baseline-resolved","mangaDexId":"a52ab185-bf8e-4d9e-aba6-28a1bf3e0fa9","malId":2973,"spellings":["Youth Gone Wild"],"fetchedTitles":false}
{"outcome":"baseline-resolved","spellings":["Love Celeb"],"arm":"exact","malId":1291,"searched":["Love Celeb"],"mangaDexId":"fa37526b-2b6f-4267-bee7-91d676ab0f7e","fetchedTitles":false}
{"searched":["Kanojo wa Uso wo Aishisugiteru"],"arm":"exact","outcome":"baseline-resolved","spellings":["Kanojo wa Uso wo Aishisugiteru"],"malId":12418,"mangaDexId":"cf49e72e-0a0e-4d8d-9f31-760cf10d3c5f","fetchedTitles":false}
{"outcome":"baseline-resolved","spellings":["Yokujou Climax"],"malId":1339,"fetchedTitles":false,"mangaDexId":"13a9e760-6335-4439-9ce8-73f43223e0cc","arm":"exact","searched":["Yokujou Climax"]}
{"fetchedTitles":false,"outcome":"baseline-resolved","malId":1666,"spellings":["Aoi Spice"],"arm":"exact","searched":["Aoi Spice"],"mangaDexId":"7ad3e75c-7c76-42a9-bf2f-12291f2bc442"}
{"outcome":"baseline-resolved","malId":2686,"spellings":["Ai wo Utau yori Ore ni Oborero!"],"fetchedTitles":false,"mangaDexId":"33a4cb9c-feff-425f-a39e-9982e25ec9f3","arm":"exact","searched":["Ai wo Utau yori Ore ni Oborero!"]}
{"fetchedTitles":true,"recoveredAtQuery":2,"outcome":"recovered","malId":1237,"spellings":["Love♥Monster","ラブ♥モンスター"],"arm":"exact","searched":["Love♥Monster","ラブ♥モンスター"],"mangaDexId":"87f832df-672b-472f-b224-3e82013a4aea"}
