{"spellings":["Pandora Hearts"],"arm":"exact","malId":3031,"outcome":"baseline-resolved","fetchedTitles":false,"searched":["Pandora Hearts"],"mangaDexId":"25aaabb1-9f74-4469-a8d6-1eac5924cc79"}
{"spellings":["Dai Dark"],"outcome":"baseline-resolved","searched":["Dai Dark"],"arm":"exact","malId":118858,"fetchedTitles":false,"mangaDexId":"84703c86-eb83-45ec-8fc5-f34a25115893"}
{"fetchedTitles":false,"arm":"exact","outcome":"baseline-resolved","searched":["Vinland Saga"],"spellings":["Vinland Saga"],"malId":642,"mangaDexId":"5d1fc77e-706a-4fc5-bea8-486c9be0145d"}
{"spellings":["Chainsaw Man"],"arm":"exact","malId":116778,"outcome":"baseline-resolved","fetchedTitles":false,"searched":["Chainsaw Man"],"mangaDexId":"a77742b1-befd-49a4-bff5-1ad4e6b0ef7b"}
{"searched":["Vinland Saga"],"outcome":"baseline-resolved","mangaDexId":"5d1fc77e-706a-4fc5-bea8-486c9be0145d","arm":"exact","spellings":["Vinland Saga"],"fetchedTitles":false,"malId":642}
{"arm":"exact","outcome":"baseline-resolved","spellings":["Claymore"],"searched":["Claymore"],"fetchedTitles":false,"mangaDexId":"be8fe64b-37da-4fba-b14d-603aba19be1f","malId":583}
{"malId":656,"searched":["Vagabond"],"fetchedTitles":false,"arm":"exact","spellings":["Vagabond"],"mangaDexId":"d1a9fdeb-f713-407f-960c-8326b586e6fd","outcome":"baseline-resolved"}
{"fetchedTitles":false,"spellings":["Berserk"],"mangaDexId":"801513ba-a712-498c-8f57-cae55b38cc92","arm":"exact","outcome":"baseline-resolved","searched":["Berserk"],"malId":2}
{"arm":"exact","malId":23390,"spellings":["Shingeki no Kyojin"],"mangaDexId":"304ceac3-8cdb-4fe7-acf7-2b6ff7a60613","fetchedTitles":false,"searched":["Shingeki no Kyojin"],"outcome":"baseline-resolved"}
{"fetchedTitles":false,"spellings":["JoJo no Kimyou na Bouken Part 8: JoJolion"],"mangaDexId":"7a9d76c3-42b9-4bcf-81d7-ad307d2ea971","malId":25515,"searched":["JoJo no Kimyou na Bouken Part 8: JoJolion"],"outcome":"baseline-resolved","arm":"exact"}
{"malId":135496,"arm":"exact","mangaDexId":"68112dc1-2b80-4f20-beb8-2f2a8716a430","fetchedTitles":false,"spellings":["Dandadan"],"outcome":"baseline-resolved","searched":["Dandadan"]}
{"searched":["Kokou no Hito"],"malId":7375,"arm":"exact","mangaDexId":"bb8310e4-6050-4a43-984e-f7bbdfce23b1","spellings":["Kokou no Hito"],"outcome":"baseline-resolved","fetchedTitles":false}
{"mangaDexId":"6fef1f74-a0ad-4f0d-99db-d32a7cd24098","arm":"exact","outcome":"baseline-resolved","spellings":["Fire Punch"],"malId":98270,"fetchedTitles":false,"searched":["Fire Punch"]}
{"spellings":["Tengoku Daimakyou"],"outcome":"baseline-resolved","mangaDexId":"eeb2ab0e-7dbc-4f0c-b476-8181d44217a8","searched":["Tengoku Daimakyou"],"fetchedTitles":false,"malId":111745,"arm":"exact"}
{"spellings":["Dorohedoro"],"outcome":"baseline-resolved","mangaDexId":"34f45c13-2b78-4900-8af2-d0bb551101f4","searched":["Dorohedoro"],"fetchedTitles":false,"malId":1133,"arm":"exact"}
{"spellings":["Berserk"],"outcome":"baseline-resolved","searched":["Berserk"],"malId":2,"arm":"exact","fetchedTitles":false,"mangaDexId":"801513ba-a712-498c-8f57-cae55b38cc92"}
{"spellings":["Yakusoku no Neverland"],"outcome":"baseline-resolved","searched":["Yakusoku no Neverland"],"arm":"exact","malId":100128,"fetchedTitles":false,"mangaDexId":"46e9cae5-4407-4576-9b9e-4c517ae9298e"}
{"spellings":["Berserk"],"outcome":"baseline-resolved","arm":"exact","fetchedTitles":false,"malId":2,"mangaDexId":"801513ba-a712-498c-8f57-cae55b38cc92","searched":["Berserk"]}
{"arm":"exact","mangaDexId":"c52b2ce3-7f95-469c-96b0-479524fb7a1a","malId":113138,"fetchedTitles":false,"outcome":"baseline-resolved","searched":["Jujutsu Kaisen"],"spellings":["Jujutsu Kaisen"]}
{"outcome":"baseline-resolved","fetchedTitles":false,"arm":"exact","malId":13,"searched":["One Piece"],"spellings":["One Piece"],"mangaDexId":"a1c7c817-4e59-43b7-9365-09675a149a6f"}
{"fetchedTitles":false,"outcome":"baseline-resolved","searched":["Berserk"],"malId":2,"mangaDexId":"801513ba-a712-498c-8f57-cae55b38cc92","spellings":["Berserk"],"arm":"exact"}
{"spellings":["Tate no Kuni"],"mangaDexId":"425668e1-19e2-4d7d-b036-3e60f290259c","fetchedTitles":false,"malId":117807,"arm":"exact","searched":["Tate no Kuni"],"outcome":"baseline-resolved"}
{"mangaDexId":"8847f905-550d-4fe6-bcda-ac2b896789c7","malId":85968,"searched":["Golden Kamuy"],"fetchedTitles":false,"spellings":["Golden Kamuy"],"outcome":"baseline-resolved","arm":"exact"}
{"spellings":["Tokyo Ghoul"],"fetchedTitles":false,"outcome":"baseline-resolved","searched":["Tokyo Ghoul"],"malId":33327,"arm":"exact","mangaDexId":"6a1d1cb1-ecd5-40d9-89ff-9d88e40b136b"}
{"spellings":["Tokyo Ghoul"],"mangaDexId":"6a1d1cb1-ecd5-40d9-89ff-9d88e40b136b","fetchedTitles":false,"malId":33327,"arm":"exact","searched":["Tokyo Ghoul"],"outcome":"baseline-resolved"}
{"spellings":["Shamo"],"mangaDexId":"a81e63a3-83f1-4da5-95a4-ba431e830ce9","fetchedTitles":false,"malId":727,"arm":"exact","searched":["Shamo"],"outcome":"baseline-resolved"}
{"spellings":["Gantz"],"mangaDexId":"c196dcc8-d942-4abf-987f-bfa244650585","fetchedTitles":false,"malId":564,"arm":"exact","searched":["Gantz"],"outcome":"baseline-resolved"}
{"outcome":"baseline-resolved","fetchedTitles":false,"arm":"exact","malId":736,"searched":["Shin Angyo Onshi"],"mangaDexId":"63495e3b-1ae4-4783-a850-540a50e2a520","spellings":["Shin Angyo Onshi"]}
{"malId":1474,"fetchedTitles":false,"mangaDexId":"4393fd4e-d646-4bab-9c95-786168ccb618","spellings":["Devilman"],"outcome":"baseline-resolved","arm":"exact","searched":["Devilman"]}
{"malId":70,"fetchedTitles":false,"mangaDexId":"8a3e22a6-949a-4540-bfbf-559b8cae30f9","spellings":["Übel Blatt"],"searched":["Übel Blatt"],"outcome":"baseline-resolved","arm":"exact"}
{"fetchedTitles":false,"spellings":["Rurouni Kenshin: Meiji Kenkaku Romantan"],"searched":["Rurouni Kenshin: Meiji Kenkaku Romantan"],"malId":22,"mangaDexId":"754a46fa-62fa-457a-bc3b-4f31bf1373d4","outcome":"baseline-resolved","arm":"fuzzy"}
{"fetchedTitles":false,"outcome":"baseline-resolved","arm":"exact","searched":["Dungeon Meshi"],"spellings":["Dungeon Meshi"],"malId":85781,"mangaDexId":"d90ea6cb-7bc3-4d80-8af0-28557e6c4e17"}
{"searched":["Dungeon Meshi"],"outcome":"baseline-resolved","mangaDexId":"d90ea6cb-7bc3-4d80-8af0-28557e6c4e17","arm":"exact","spellings":["Dungeon Meshi"],"fetchedTitles":false,"malId":85781}
{"searched":["Holyland"],"outcome":"baseline-resolved","mangaDexId":"9fce5b8e-facf-4ef2-a703-553ec2931065","arm":"exact","spellings":["Holyland"],"fetchedTitles":false,"malId":3285}
{"searched":["Jigokuraku"],"arm":"exact","outcome":"baseline-resolved","malId":112318,"mangaDexId":"cb77e4a6-3921-43b9-9d64-7d78cd3205ce","fetchedTitles":false,"spellings":["Jigokuraku"]}
{"malId":143991,"outcome":"baseline-resolved","spellings":["After God"],"searched":["After God"],"mangaDexId":"65fa324d-4075-4f59-a71c-2c82f69f6779","arm":"exact","fetchedTitles":false}
{"arm":"exact","fetchedTitles":false,"malId":1075,"mangaDexId":"ce47b821-988c-4abf-a8dd-864cef84585a","searched":["7 Seeds"],"spellings":["7 Seeds"],"outcome":"baseline-resolved"}
{"malId":3868,"searched":["Shigurui"],"fetchedTitles":false,"arm":"exact","mangaDexId":"c8b3d40c-86b8-41cd-a793-c280d5b9da10","spellings":["Shigurui"],"outcome":"baseline-resolved"}
{"recoveredAtQuery":2,"searched":["Mugen no Juunin","Blade of the Immortal"],"arm":"exact","malId":658,"outcome":"recovered","mangaDexId":"4481002b-f65c-426a-8cb4-3a1bba1040c5","fetchedTitles":true,"spellings":["Mugen no Juunin","Blade of the Immortal","無限の住人","Inhabitant of Infinity"]}
{"mangaDexId":"f7813136-75c7-43ac-9354-93e464716b0b","searched":["+Anima","+ANIMA","Plus Anima"],"outcome":"recovered","spellings":["+Anima","+ANIMA","Plus Anima","Parallel +Anima"],"malId":38,"arm":"exact","recoveredAtQuery":3,"fetchedTitles":true}
{"searched":["Uzumaki"],"spellings":["Uzumaki","Uzumaki: Spiral into Horror","うずまき","The Spiral","Spirale","Uzumaki - A Espiral do Horror","Whirlpool","漩渦","أوزوماكي","Spirála","소용돌이","Спіраль"],"arm":"exact","mangaDexId":"f4cfbb1c-766e-49db-ae80-1a5db3cbcc1b","fetchedTitles":false,"outcome":"baseline-resolved","malId":436}
{"arm":"exact","fetchedTitles":false,"spellings":["BLAME!","ブラム!","Buramu!","Блам!","블레임"],"searched":["BLAME!","ブラム!"],"recoveredAtQuery":2,"outcome":"recovered","malId":149,"mangaDexId":"b905f827-8d48-4948-b58c-0d6fd330d10d"}
